npm warn cli npm v11.13.0 does not support Node.js v18.19.1. This version of npm supports the following node versions: `^20.17.0 || >=22.9.0`. You can find the latest version at https://nodejs.org/.

--- Iniciando Transação Mainnet (USDC): Avalanche -> Polygon ---
Usuário enviando: 0.001 USDC

[1/3] Aprovando USDC na Avalanche para o Notary...
Aprovação concluída! Tx: 0x9b1020e170b6c677384df28337950e0ef0f18f4d03eed7cd8eb1a6c5b5207cf7
Gas Used: 55425
Gas Price: 0.082239587 Gwei
Transaction Fee: 0.000004558129109475 AVAX

[2/3] Depositando USDC no Notary da Avalanche...
Depósito realizado com sucesso! ID do Depósito gerado: 7
Gas Used: 65977
Gas Price: 0.085487802 Gwei
Transaction Fee: 0.000005640228712554 AVAX

[3/3] Nó validador executando a ponte na Polygon...
Execução concluída! Tx: 0xaded8f442923896abe6c99609c7c1e55309bd8876dde7b57ee50d7ecd1c4d199
Gas Used: 115679
Gas Price: 275.145162165 Gwei
Transaction Fee: 0.031828517214085035 POL
Saldo na Polygon ANTES: 0.140599 USDC
Saldo na Polygon DEPOIS: 0.141599 USDC

--- Resumo de gás (fluxo cross-chain completo) ---
┌─────────┬───────────────────────────┬──────────┬────────────────┬─────────────────┬─────────────────────┬────────────────────────┬─────────────┬──────────────────────────────────────────────────────────────────────┐
│ (index) │           step            │ gasUsed  │  gasPriceWei   │  gasPriceGwei   │  transactionFeeWei  │     transactionFee     │ nativeToken │                                txHash                                │
├─────────┼───────────────────────────┼──────────┼────────────────┼─────────────────┼─────────────────────┼────────────────────────┼─────────────┼──────────────────────────────────────────────────────────────────────┤
│    0    │   'approve (Avalanche)'   │ '55425'  │   '82239587'   │  '0.082239587'  │   '4558129109475'   │ '0.000004558129109475' │   'AVAX'    │ '0x9b1020e170b6c677384df28337950e0ef0f18f4d03eed7cd8eb1a6c5b5207cf7' │
│    1    │   'deposit (Avalanche)'   │ '65977'  │   '85487802'   │  '0.085487802'  │   '5640228712554'   │ '0.000005640228712554' │   'AVAX'    │ '0x8bc36b04e4c55fbd010a1c3546d647fa402a594c86bd35cffa65ca371533d864' │
│    2    │ 'executeBridge (Polygon)' │ '115679' │ '275145162165' │ '275.145162165' │ '31828517214085035' │ '0.031828517214085035' │    'POL'    │ '0xaded8f442923896abe6c99609c7c1e55309bd8876dde7b57ee50d7ecd1c4d199' │
└─────────┴───────────────────────────┴──────────┴────────────────┴─────────────────┴─────────────────────┴────────────────────────┴─────────────┴──────────────────────────────────────────────────────────────────────┘

💾 [LOGGER] Dados da transação salvos em: logs/mainnet_logs.json


// PARADA DOS EXPERIMENTOS
