npm warn cli npm v11.13.0 does not support Node.js v18.19.1. This version of npm supports the following node versions: `^20.17.0 || >=22.9.0`. You can find the latest version at https://nodejs.org/.

--- Iniciando Transação Mainnet (USDC): Polygon -> Avalanche ---
Usuário enviando: 0.001 USDC

[1/3] Aprovando USDC na Polygon para o Notary...
Aprovação concluída! Tx: 0xffeb3c059159f2a0c7634eb8777ef4580417dca5e64bf01ad1047d052d874e0b
Gas Used: 66345
Gas Price: 273.57556412 Gwei
Transaction Fee: 0.0181503708015414 POL

[2/3] Depositando USDC no Notary da Polygon...
Depósito realizado com sucesso! ID do Depósito gerado: 4
Gas Used: 82213
Gas Price: 274.565935529 Gwei
Transaction Fee: 0.022572889257645677 POL

[3/3] Nó validador executando a ponte na Avalanche...
Execução concluída! Tx: 0xf6ae0ac3eba8f402068b8d60bcede6197b21757c823d39b823f15b39304cc55e
Gas Used: 91295
Gas Price: 0.096339487 Gwei
Transaction Fee: 0.000008795313465665 AVAX
Saldo na Avalanche ANTES: 0.018246 USDC
Saldo na Avalanche DEPOIS: 0.019246 USDC

--- Resumo de gás (fluxo cross-chain completo) ---
┌─────────┬─────────────────────────────┬─────────┬────────────────┬─────────────────┬─────────────────────┬────────────────────────┬─────────────┬──────────────────────────────────────────────────────────────────────┐
│ (index) │            step             │ gasUsed │  gasPriceWei   │  gasPriceGwei   │  transactionFeeWei  │     transactionFee     │ nativeToken │                                txHash                                │
├─────────┼─────────────────────────────┼─────────┼────────────────┼─────────────────┼─────────────────────┼────────────────────────┼─────────────┼──────────────────────────────────────────────────────────────────────┤
│    0    │     'approve (Polygon)'     │ '66345' │ '273575564120' │ '273.57556412'  │ '18150370801541400' │  '0.0181503708015414'  │    'POL'    │ '0xffeb3c059159f2a0c7634eb8777ef4580417dca5e64bf01ad1047d052d874e0b' │
│    1    │     'deposit (Polygon)'     │ '82213' │ '274565935529' │ '274.565935529' │ '22572889257645677' │ '0.022572889257645677' │    'POL'    │ '0x99da5ef5b9904ffa2c9288c5325360497f985ad3030295542e882baae8348a94' │
│    2    │ 'executeBridge (Avalanche)' │ '91295' │   '96339487'   │  '0.096339487'  │   '8795313465665'   │ '0.000008795313465665' │   'AVAX'    │ '0xf6ae0ac3eba8f402068b8d60bcede6197b21757c823d39b823f15b39304cc55e' │
└─────────┴─────────────────────────────┴─────────┴────────────────┴─────────────────┴─────────────────────┴────────────────────────┴─────────────┴──────────────────────────────────────────────────────────────────────┘
Erro ao ler log anterior, iniciando novo array de logs.

💾 [LOGGER] Dados da transação salvos em: logs/mainnet_logs.json

// PARADA DOS EXPERIMENTOS


